// Jest Snapshot v1, https://goo.gl/fbAQLP

exports[`Test snapshot 1`] = `
<div>
  <div>
    <div
      class="modal-content"
    >
      <div
        class="modal-header"
      >
        <h5>
          Update Product
        </h5>
      </div>
      <div
        class="modal-body"
      >
        <form>
          <div
            class="form-group pb-3"
          >
            <label
              for="name"
            >
              Name:
            </label>
             
            <input
              class="form-control"
              id="name"
              maxlength="10"
              name="name"
              type="text"
              value="string"
            />
          </div>
          <div
            class="form-group pb-3"
          >
            <label
              for="price"
            >
              Price:
            </label>
             
            <input
              class="form-control"
              id="price"
              name="price"
              placeholder="0.00"
              step="0.01"
              type="number"
              value="2"
            />
          </div>
          <div
            class="form-group pb-3"
          >
            <label
              id="type"
            >
              Type
            </label>
            <select
              class="form-control"
            >
              <option
                value="1"
              >
                Books
              </option>
              <option
                value="2"
              >
                Electronics
              </option>
              <option
                value="3"
              >
                Food
              </option>
              <option
                value="4"
              >
                Furniture
              </option>
              <option
                value="5"
              >
                Toys
              </option>
            </select>
          </div>
          <div
            class="form-check"
          >
            <input
              class="form-check-input"
              id="active"
              name="active"
              type="checkbox"
            />
            <label
              for="active"
            >
              Active
            </label>
          </div>
        </form>
      </div>
      <div
        class="modal-footer"
      >
        <button
          class="btn btn-secondary"
        >
          Close
        </button>
        <button
          class="btn btn-primary"
        >
          Save
        </button>
      </div>
    </div>
  </div>
</div>
`;
