// Jest Snapshot v1, https://goo.gl/fbAQLP

exports[`Test snapshot 1`] = `
<div>
  <table
    class="table table-striped table-bordered table-hover"
  >
    <thead
      class="thead-light"
    >
      <tr>
        <th>
          <a
            href="javascript:void(0)"
          >
            <span
              class="px-1"
            >
              Column A
            </span>
            <div>
              Mock Chevron Down
            </div>
          </a>
        </th>
        <th>
          <a
            href="javascript:void(0)"
          >
            <span
              class="px-1"
            >
              Column B
            </span>
          </a>
        </th>
      </tr>
    </thead>
    <tbody />
  </table>
</div>
`;
