// Jest Snapshot v1, https://goo.gl/fbAQLP

exports[`Test snapshot 1`] = `
<div>
  <div>
    <div
      class="container"
    >
      <h5
        class="pt-5 pb-1"
      >
        Product Management System
      </h5>
      <table />
      <div
        class="d-flex justify-content-end"
      >
        <div>
          pagination mock
        </div>
      </div>
      <div
        class="d-flex justify-content-center"
      >
        <button
          class="btn btn-primary"
          type="button"
        >
          Create Product
        </button>
      </div>
    </div>
  </div>
</div>
`;

exports[`test load rows 1`] = `
<div>
  <div>
    <div
      class="container"
    >
      <h5
        class="pt-5 pb-1"
      >
        Product Management System
      </h5>
      <table />
      <div
        class="d-flex justify-content-end"
      >
        <div>
          pagination mock
        </div>
      </div>
      <div
        class="d-flex justify-content-center"
      >
        <button
          class="btn btn-primary"
          type="button"
        >
          Create Product
        </button>
      </div>
    </div>
  </div>
</div>
`;
